error
warning
mysql_error